// Jest Snapshot v1, https://goo.gl/fbAQLP

exports[`CartItem snapshot test inside CartPopup 1`] = `
<DocumentFragment>
  <div
    class="sc-ec3ca1e3-0 gIMvgl"
  >
    <div
      class="sc-ec3ca1e3-1 hJnOck"
    >
      <div
        class="sc-dc5b0434-0 giFKjC"
      >
        <ul>
          <a
            href="#"
          >
            <p
              class="sc-dc5b0434-2 sc-dc5b0434-3 cpobqY kKrzEW"
            >
              Test Brand
            </p>
          </a>
          <li
            class="sc-dc5b0434-1 YMAYA"
          >
            <img
              alt="Test Product"
              class="sc-dc5b0434-4 APmUX"
              data-nimg="1"
              decoding="async"
              fetchpriority="high"
              height="100"
              src="/_next/image?url=%2Ftest-image.jpg&w=256&q=75"
              srcset="/_next/image?url=%2Ftest-image.jpg&w=128&q=75 1x, /_next/image?url=%2Ftest-image.jpg&w=256&q=75 2x"
              style="color: transparent;"
              width="100"
            />
            <div
              class="sc-dc5b0434-5 bAPRmk"
            >
              <div>
                <p
                  class="sc-dc5b0434-2 cpobqY"
                >
                  Test Product
                </p>
                <p
                  class="sc-dc5b0434-6 evDWiE"
                >
                  This is a test product
                </p>
              </div>
              <div
                class="sc-dc5b0434-8 fNUzTm"
              >
                <p
                  class="sc-dc5b0434-10 huSRjE"
                >
                  $19.99
                </p>
                <div
                  class="sc-dc5b0434-7 jkUVuu"
                >
                  <button
                    class="sc-dc5b0434-12 kptlbj"
                    data-testid="decrease-button"
                  >
                    <svg
                      fill="currentColor"
                      height="1em"
                      stroke="currentColor"
                      stroke-width="0"
                      viewBox="0 0 448 512"
                      width="1em"
                      xmlns="http://www.w3.org/2000/svg"
                    >
                      <path
                        d="M416 208H32c-17.67 0-32 14.33-32 32v32c0 17.67 14.33 32 32 32h384c17.67 0 32-14.33 32-32v-32c0-17.67-14.33-32-32-32z"
                      />
                    </svg>
                  </button>
                  <span
                    class="sc-dc5b0434-9 blBBfb"
                  >
                    2
                  </span>
                  <button
                    class="sc-dc5b0434-12 kptlbj"
                    data-testid="increase-button"
                  >
                    <svg
                      fill="currentColor"
                      height="1em"
                      stroke="currentColor"
                      stroke-width="0"
                      viewBox="0 0 448 512"
                      width="1em"
                      xmlns="http://www.w3.org/2000/svg"
                    >
                      <path
                        d="M416 208H272V64c0-17.67-14.33-32-32-32h-32c-17.67 0-32 14.33-32 32v144H32c-17.67 0-32 14.33-32 32v32c0 17.67 14.33 32 32 32h144v144c0 17.67 14.33 32 32 32h32c17.67 0 32-14.33 32-32V304h144c17.67 0 32-14.33 32-32v-32c0-17.67-14.33-32-32-32z"
                      />
                    </svg>
                  </button>
                </div>
              </div>
            </div>
            <svg
              class="sc-dc5b0434-11 kznnGQ"
              data-testid="remove-button"
              fill="currentColor"
              fill-rule="evenodd"
              height="1em"
              stroke="currentColor"
              stroke-width="0"
              viewBox="0 0 1024 1024"
              width="1em"
              xmlns="http://www.w3.org/2000/svg"
            >
              <path
                d="M799.855 166.312c.023.007.043.018.084.059l57.69 57.69c.041.041.052.06.059.084a.118.118 0 0 1 0 .069c-.007.023-.018.042-.059.083L569.926 512l287.703 287.703c.041.04.052.06.059.083a.118.118 0 0 1 0 .07c-.007.022-.018.042-.059.083l-57.69 57.69c-.041.041-.06.052-.084.059a.118.118 0 0 1-.069 0c-.023-.007-.042-.018-.083-.059L512 569.926 224.297 857.629c-.04.041-.06.052-.083.059a.118.118 0 0 1-.07 0c-.022-.007-.042-.018-.083-.059l-57.69-57.69c-.041-.041-.052-.06-.059-.084a.118.118 0 0 1 0-.069c.007-.023.018-.042.059-.083L454.073 512 166.371 224.297c-.041-.04-.052-.06-.059-.083a.118.118 0 0 1 0-.07c.007-.022.018-.042.059-.083l57.69-57.69c.041-.041.06-.052.084-.059a.118.118 0 0 1 .069 0c.023.007.042.018.083.059L512 454.073l287.703-287.702c.04-.041.06-.052.083-.059a.118.118 0 0 1 .07 0Z"
              />
            </svg>
          </li>
        </ul>
      </div>
    </div>
    <div
      class="sc-ec3ca1e3-2 dNnrhF"
    />
  </div>
</DocumentFragment>
`;

exports[`CartPopup snapshot test 1`] = `
<DocumentFragment>
  <div
    class="sc-ec3ca1e3-0 gIMvgl"
  >
    <div
      class="sc-ec3ca1e3-1 hJnOck"
    >
      content
    </div>
    <div
      class="sc-ec3ca1e3-2 dNnrhF"
    />
  </div>
</DocumentFragment>
`;
