// Jest Snapshot v1, https://goo.gl/fbAQLP

exports[`Button Component renders correctly 1`] = `
<button
  class="sc-e6c76d24-0 gXeFVB"
  color="primary"
>
  Click me
</button>
`;

exports[`Button Component renders correctly with icon and loading 1`] = `
<button
  class="sc-e6c76d24-0 gXeFVB"
  color="primary"
>
  <span
    style="width: 16px; height: 16px; font-size: 16px; margin-right: 8px;"
  >
    <span>
      ðŸš€
    </span>
  </span>
  <div
    class="sc-ecd6f36e-0 eVitae"
  />
  Click me
</button>
`;

exports[`Button Component renders correctly with specific props 1`] = `
<button
  class="sc-e6c76d24-0 knoaAI"
  color="primary"
  disabled=""
>
  Click me
</button>
`;
