// Jest Snapshot v1, https://goo.gl/fbAQLP

exports[`renders Spinner correctly 1`] = `
<div
  class="sc-ecd6f36e-0 eVitae"
/>
`;
