// Jest Snapshot v1, https://goo.gl/fbAQLP

exports[`Header component matches snapshot 1`] = `
<div>
  <div
    class="sc-f2eef38d-0 iwNFqL"
  >
    <div
      class="sc-bc8a6216-0 doMBAj"
    >
      <img
        alt="next logo"
        src="/next.svg"
      />
      <div
        class="sc-eb9f1157-0 dMzKcq"
      >
        <input
          class="sc-acef6806-0 bmACrq"
          name="search"
          placeholder="Search by product, brand and category"
          type="text"
          value=""
        />
      </div>
      <div
        class="sc-bc8a6216-2 jmsrXH"
      >
        <div
          class="sc-ec3ca1e3-0 gIMvgl"
        >
          <div
            class="sc-ec3ca1e3-1 hJnOck"
          >
            <div
              class="sc-bc8a6216-1 eAFvoD"
            >
              <button
                class="sc-e6c76d24-0 gigtzz"
                type="button"
              >
                <span
                  style="width: 24px; height: 24px; font-size: 24px; margin-right: 8px;"
                >
                  <svg
                    fill="currentColor"
                    height="1em"
                    stroke="currentColor"
                    stroke-width="0"
                    viewBox="0 0 24 24"
                    width="1em"
                    xmlns="http://www.w3.org/2000/svg"
                  >
                    <path
                      d="M0 0h24v24H0V0z"
                      fill="none"
                    />
                    <path
                      d="M15.55 13c.75 0 1.41-.41 1.75-1.03l3.58-6.49A.996.996 0 0020.01 4H5.21l-.94-2H1v2h2l3.6 7.59-1.35 2.44C4.52 15.37 5.48 17 7 17h12v-2H7l1.1-2h7.45zM6.16 6h12.15l-2.76 5H8.53L6.16 6zM7 18c-1.1 0-1.99.9-1.99 2S5.9 22 7 22s2-.9 2-2-.9-2-2-2zm10 0c-1.1 0-1.99.9-1.99 2s.89 2 1.99 2 2-.9 2-2-.9-2-2-2z"
                    />
                  </svg>
                </span>
                My Cart
              </button>
              <span
                class="sc-bc8a6216-3 fXSUgL"
              >
                2
              </span>
            </div>
          </div>
          <div
            class="sc-ec3ca1e3-2 dNnrhF"
          >
            <div
              class="sc-871be3e9-0 jNPDlq"
            >
              <h4
                class="sc-871be3e9-1 lpgGan"
              >
                My Cart (
                2
                 Products)
              </h4>
              <div
                class="sc-871be3e9-2 bfXrOa"
              />
              <div
                class="sc-871be3e9-3 ldvweX"
              >
                <div
                  class="sc-871be3e9-4 fsMaVb"
                >
                  <span
                    class="sc-871be3e9-5 jHwUMS"
                  >
                    Total
                  </span>
                  <span
                    class="sc-871be3e9-6 dbNgkr"
                  >
                    $
                  </span>
                </div>
                <button
                  class="sc-e6c76d24-0 lfwATC"
                  color="primary"
                >
                  Go to Cart
                </button>
              </div>
            </div>
          </div>
        </div>
      </div>
    </div>
  </div>
</div>
`;

exports[`Header component matches snapshot with different data 1`] = `
<div>
  <div
    class="sc-f2eef38d-0 iwNFqL"
  >
    <div
      class="sc-bc8a6216-0 doMBAj"
    >
      <img
        alt="next logo"
        src="/next.svg"
      />
      <div
        class="sc-eb9f1157-0 dMzKcq"
      >
        <input
          class="sc-acef6806-0 bmACrq"
          name="search"
          placeholder="Search by product, brand and category"
          type="text"
          value=""
        />
      </div>
      <div
        class="sc-bc8a6216-2 jmsrXH"
      >
        <div
          class="sc-ec3ca1e3-0 gIMvgl"
        >
          <div
            class="sc-ec3ca1e3-1 hJnOck"
          >
            <div
              class="sc-bc8a6216-1 eAFvoD"
            >
              <button
                class="sc-e6c76d24-0 gigtzz"
                type="button"
              >
                <span
                  style="width: 24px; height: 24px; font-size: 24px; margin-right: 8px;"
                >
                  <svg
                    fill="currentColor"
                    height="1em"
                    stroke="currentColor"
                    stroke-width="0"
                    viewBox="0 0 24 24"
                    width="1em"
                    xmlns="http://www.w3.org/2000/svg"
                  >
                    <path
                      d="M0 0h24v24H0V0z"
                      fill="none"
                    />
                    <path
                      d="M15.55 13c.75 0 1.41-.41 1.75-1.03l3.58-6.49A.996.996 0 0020.01 4H5.21l-.94-2H1v2h2l3.6 7.59-1.35 2.44C4.52 15.37 5.48 17 7 17h12v-2H7l1.1-2h7.45zM6.16 6h12.15l-2.76 5H8.53L6.16 6zM7 18c-1.1 0-1.99.9-1.99 2S5.9 22 7 22s2-.9 2-2-.9-2-2-2zm10 0c-1.1 0-1.99.9-1.99 2s.89 2 1.99 2 2-.9 2-2-.9-2-2-2z"
                    />
                  </svg>
                </span>
                My Cart
              </button>
              <span
                class="sc-bc8a6216-3 fXSUgL"
              >
                2
              </span>
            </div>
          </div>
          <div
            class="sc-ec3ca1e3-2 dNnrhF"
          >
            <div
              class="sc-871be3e9-0 jNPDlq"
            >
              <h4
                class="sc-871be3e9-1 lpgGan"
              >
                My Cart (
                2
                 Products)
              </h4>
              <div
                class="sc-871be3e9-2 bfXrOa"
              />
              <div
                class="sc-871be3e9-3 ldvweX"
              >
                <div
                  class="sc-871be3e9-4 fsMaVb"
                >
                  <span
                    class="sc-871be3e9-5 jHwUMS"
                  >
                    Total
                  </span>
                  <span
                    class="sc-871be3e9-6 dbNgkr"
                  >
                    $
                  </span>
                </div>
                <button
                  class="sc-e6c76d24-0 lfwATC"
                  color="primary"
                >
                  Go to Cart
                </button>
              </div>
            </div>
          </div>
        </div>
      </div>
    </div>
  </div>
</div>
`;
