// Jest Snapshot v1, https://goo.gl/fbAQLP

exports[`Input Component renders correctly 1`] = `
<div>
  <input
    class="sc-acef6806-0 bmACrq"
  />
</div>
`;
